[2026-05-31--23-27-26 ERROR surfpool::cli::simnet] Failed to start subgraph and explorer server: Address already in use (os error 48)
[2026-05-31--23-27-26 INFO parity_ws] Listening for new connections on 127.0.0.1:8900.
[2026-05-31--23-27-38 INFO txtx::svm::deploy_program] [Recovery Instructions] - An ephemeral authority account will be created and funded to write to the buffer account.
[2026-05-31--23-27-38 INFO txtx::svm::deploy_program] [Recovery Instructions] - Please save the following information in case the deployment fails and the account needs to be recovered:
[2026-05-31--23-27-38 INFO txtx::svm::deploy_program] [Recovery Instructions] - Ephemeral authority public key: ueaGrVAkoNoXPA4JJXzAwyK1FcBzHWvr26x3w98wAkq
[2026-05-31--23-27-38 INFO txtx::svm::deploy_program] [Recovery Instructions] - Ephemeral authority secret key: [230, 177, 140, 129, 127, 152, 134, 201, 38, 19, 23, 101, 218, 115, 214, 180, 173, 91, 217, 212, 9, 126, 235, 2, 98, 90, 176, 123, 132, 63, 201, 231, 13, 124, 175, 207, 216, 15, 211, 114, 178, 84, 169, 205, 152, 208, 63, 127, 141, 175, 16, 11, 138, 212, 2, 35, 249, 36, 208, 153, 70, 70, 72, 146]
[2026-05-31--23-27-39 INFO txtx::svm::deploy_program] Account Created - Ephemeral authority account created and funded to write to buffer
[2026-05-31--23-27-39 INFO txtx::svm::deploy_program] [Recovery Instructions] - Creating program buffer account at pubkey 6jPbVwvPwMaMTVM3EMvGKv54nCvMgXdJk6ZMhYe5uu3u
[2026-05-31--23-27-40 INFO txtx::svm::deploy_program] Account Created - Program buffer account created
[2026-05-31--23-27-44 INFO txtx::svm::deploy_program] Buffer Ready - Writing to buffer account is complete
[2026-05-31--23-27-45 INFO txtx::svm::deploy_program] Program Created - Program H7tuzzuJNLWYkqjGrepS19NYrH3qhudsuBntHJweW9By has been deployed
[2026-05-31--23-27-46 INFO txtx::svm::deploy_program] Complete - Ephemeral authority account closed and leftover funds returned to payer
[2026-05-31--23-27-48 INFO parity_ws::io] Accepted a new tcp connection from 127.0.0.1:59236.
[2026-05-31--23-27-56 INFO parity_ws::io] Accepted a new tcp connection from 127.0.0.1:59485.
[2026-05-31--23-28-22 INFO parity_ws::io] Accepted a new tcp connection from 127.0.0.1:59587.
[2026-05-31--23-28-24 INFO parity_ws::io] Accepted a new tcp connection from 127.0.0.1:59594.
[2026-05-31--23-28-58 INFO parity_ws::io] Accepted a new tcp connection from 127.0.0.1:59673.
[2026-05-31--23-28-58 INFO parity_ws::io] Accepted a new tcp connection from 127.0.0.1:59674.
[2026-05-31--23-35-41 INFO parity_ws::io] Accepted a new tcp connection from 127.0.0.1:60922.
[2026-05-31--23-36-17 INFO parity_ws::io] Accepted a new tcp connection from 127.0.0.1:61373.
[2026-05-31--23-36-20 INFO parity_ws::io] Accepted a new tcp connection from 127.0.0.1:61380.
[2026-05-31--23-37-27 INFO parity_ws::io] Accepted a new tcp connection from 127.0.0.1:61632.
[2026-05-31--23-38-03 INFO parity_ws::io] Accepted a new tcp connection from 127.0.0.1:62021.
[2026-05-31--23-38-05 INFO parity_ws::io] Accepted a new tcp connection from 127.0.0.1:62031.
[2026-05-31--23-39-11 INFO parity_ws::io] Accepted a new tcp connection from 127.0.0.1:62168.
[2026-05-31--23-39-49 INFO parity_ws::io] Accepted a new tcp connection from 127.0.0.1:62467.
[2026-05-31--23-39-51 INFO parity_ws::io] Accepted a new tcp connection from 127.0.0.1:62471.
[2026-05-31--23-40-12 INFO parity_ws::io] Accepted a new tcp connection from 127.0.0.1:62562.
[2026-05-31--23-40-49 INFO parity_ws::io] Accepted a new tcp connection from 127.0.0.1:62883.
[2026-05-31--23-40-51 INFO parity_ws::io] Accepted a new tcp connection from 127.0.0.1:62887.
[2026-05-31--23-41-06 INFO parity_ws::io] Accepted a new tcp connection from 127.0.0.1:63035.
[2026-05-31--23-41-43 INFO parity_ws::io] Accepted a new tcp connection from 127.0.0.1:63396.
[2026-05-31--23-41-45 INFO parity_ws::io] Accepted a new tcp connection from 127.0.0.1:63410.
[2026-05-31--23-42-03 INFO parity_ws::io] Accepted a new tcp connection from 127.0.0.1:63513.
[2026-05-31--23-42-21 INFO parity_ws::io] Accepted a new tcp connection from 127.0.0.1:63818.
[2026-05-31--23-42-21 INFO parity_ws::io] Accepted a new tcp connection from 127.0.0.1:63819.
[2026-05-31--23-46-03 INFO parity_ws::io] Accepted a new tcp connection from 127.0.0.1:63948.
[2026-05-31--23-46-06 INFO parity_ws::io] Accepted a new tcp connection from 127.0.0.1:63968.
[2026-05-31--23-46-47 INFO parity_ws::io] Accepted a new tcp connection from 127.0.0.1:64132.
[2026-05-31--23-47-27 INFO parity_ws::io] Accepted a new tcp connection from 127.0.0.1:64506.
[2026-05-31--23-47-30 INFO parity_ws::io] Accepted a new tcp connection from 127.0.0.1:64516.
[2026-05-31--23-48-16 INFO parity_ws::io] Accepted a new tcp connection from 127.0.0.1:64753.
[2026-05-31--23-48-59 INFO parity_ws::io] Accepted a new tcp connection from 127.0.0.1:65139.
[2026-05-31--23-49-01 INFO parity_ws::io] Accepted a new tcp connection from 127.0.0.1:65143.
[2026-05-31--23-50-11 INFO parity_ws::io] Accepted a new tcp connection from 127.0.0.1:65443.
[2026-05-31--23-50-54 INFO parity_ws::io] Accepted a new tcp connection from 127.0.0.1:49404.
[2026-05-31--23-50-56 INFO parity_ws::io] Accepted a new tcp connection from 127.0.0.1:49408.
[2026-05-31--23-51-01 INFO parity_ws::io] Accepted a new tcp connection from 127.0.0.1:49421.
[2026-05-31--23-51-47 INFO parity_ws::io] Accepted a new tcp connection from 127.0.0.1:49813.
[2026-05-31--23-51-49 INFO parity_ws::io] Accepted a new tcp connection from 127.0.0.1:49816.
[2026-05-31--23-52-53 INFO parity_ws::io] Accepted a new tcp connection from 127.0.0.1:50286.
[2026-05-31--23-53-34 ERROR litesvm] Payer account cyaibXfQvCC4qKDYNguU4mXryhKjSkszPWkd56KFkrF not found.
[2026-05-31--23-53-34 ERROR litesvm] Payer account cyaibXfQvCC4qKDYNguU4mXryhKjSkszPWkd56KFkrF not found.
[2026-05-31--23-53-34 ERROR litesvm] Payer account cyaibXfQvCC4qKDYNguU4mXryhKjSkszPWkd56KFkrF not found.
[2026-05-31--23-53-34 ERROR litesvm] Payer account cyaibXfQvCC4qKDYNguU4mXryhKjSkszPWkd56KFkrF not found.
[2026-05-31--23-53-36 ERROR litesvm] Payer account cyaibXfQvCC4qKDYNguU4mXryhKjSkszPWkd56KFkrF not found.
[2026-05-31--23-53-36 ERROR litesvm] Payer account cyaibXfQvCC4qKDYNguU4mXryhKjSkszPWkd56KFkrF not found.
[2026-05-31--23-53-36 ERROR litesvm] Payer account cyaibXfQvCC4qKDYNguU4mXryhKjSkszPWkd56KFkrF not found.
[2026-05-31--23-53-36 ERROR litesvm] Payer account cyaibXfQvCC4qKDYNguU4mXryhKjSkszPWkd56KFkrF not found.
[2026-05-31--23-53-36 ERROR litesvm] Payer account cyaibXfQvCC4qKDYNguU4mXryhKjSkszPWkd56KFkrF not found.
[2026-05-31--23-53-36 ERROR litesvm] Payer account cyaibXfQvCC4qKDYNguU4mXryhKjSkszPWkd56KFkrF not found.
[2026-05-31--23-53-36 ERROR litesvm] Payer account cyaibXfQvCC4qKDYNguU4mXryhKjSkszPWkd56KFkrF not found.
[2026-05-31--23-53-36 ERROR litesvm] Payer account cyaibXfQvCC4qKDYNguU4mXryhKjSkszPWkd56KFkrF not found.
[2026-05-31--23-53-36 ERROR litesvm] Payer account cyaibXfQvCC4qKDYNguU4mXryhKjSkszPWkd56KFkrF not found.
[2026-05-31--23-53-36 ERROR litesvm] Payer account cyaibXfQvCC4qKDYNguU4mXryhKjSkszPWkd56KFkrF not found.
[2026-05-31--23-53-36 ERROR litesvm] Payer account cyaibXfQvCC4qKDYNguU4mXryhKjSkszPWkd56KFkrF not found.
[2026-05-31--23-53-36 ERROR litesvm] Payer account cyaibXfQvCC4qKDYNguU4mXryhKjSkszPWkd56KFkrF not found.
[2026-05-31--23-53-36 ERROR litesvm] Payer account cyaibXfQvCC4qKDYNguU4mXryhKjSkszPWkd56KFkrF not found.
[2026-05-31--23-53-36 ERROR litesvm] Payer account cyaibXfQvCC4qKDYNguU4mXryhKjSkszPWkd56KFkrF not found.
[2026-05-31--23-53-36 ERROR litesvm] Payer account cyaibXfQvCC4qKDYNguU4mXryhKjSkszPWkd56KFkrF not found.
[2026-05-31--23-53-36 ERROR litesvm] Payer account cyaibXfQvCC4qKDYNguU4mXryhKjSkszPWkd56KFkrF not found.
[2026-05-31--23-53-36 ERROR litesvm] Payer account cyaibXfQvCC4qKDYNguU4mXryhKjSkszPWkd56KFkrF not found.
[2026-05-31--23-53-36 ERROR litesvm] Payer account cyaibXfQvCC4qKDYNguU4mXryhKjSkszPWkd56KFkrF not found.
[2026-05-31--23-53-36 ERROR litesvm] Payer account cyaibXfQvCC4qKDYNguU4mXryhKjSkszPWkd56KFkrF not found.
[2026-05-31--23-53-36 ERROR litesvm] Payer account cyaibXfQvCC4qKDYNguU4mXryhKjSkszPWkd56KFkrF not found.
[2026-05-31--23-53-36 ERROR litesvm] Payer account cyaibXfQvCC4qKDYNguU4mXryhKjSkszPWkd56KFkrF not found.
[2026-05-31--23-53-36 ERROR litesvm] Payer account cyaibXfQvCC4qKDYNguU4mXryhKjSkszPWkd56KFkrF not found.
[2026-05-31--23-53-36 ERROR litesvm] Payer account cyaibXfQvCC4qKDYNguU4mXryhKjSkszPWkd56KFkrF not found.
[2026-05-31--23-53-36 ERROR litesvm] Payer account cyaibXfQvCC4qKDYNguU4mXryhKjSkszPWkd56KFkrF not found.
[2026-05-31--23-53-37 ERROR litesvm] Payer account cyaibXfQvCC4qKDYNguU4mXryhKjSkszPWkd56KFkrF not found.
[2026-05-31--23-53-37 ERROR litesvm] Payer account cyaibXfQvCC4qKDYNguU4mXryhKjSkszPWkd56KFkrF not found.
[2026-05-31--23-53-37 ERROR litesvm] Payer account cyaibXfQvCC4qKDYNguU4mXryhKjSkszPWkd56KFkrF not found.
[2026-05-31--23-53-37 ERROR litesvm] Payer account cyaibXfQvCC4qKDYNguU4mXryhKjSkszPWkd56KFkrF not found.
[2026-05-31--23-53-37 ERROR litesvm] Payer account cyaibXfQvCC4qKDYNguU4mXryhKjSkszPWkd56KFkrF not found.
[2026-05-31--23-53-37 ERROR litesvm] Payer account cyaibXfQvCC4qKDYNguU4mXryhKjSkszPWkd56KFkrF not found.
[2026-05-31--23-53-37 ERROR litesvm] Payer account cyaibXfQvCC4qKDYNguU4mXryhKjSkszPWkd56KFkrF not found.
[2026-05-31--23-53-37 ERROR litesvm] Payer account cyaibXfQvCC4qKDYNguU4mXryhKjSkszPWkd56KFkrF not found.
[2026-05-31--23-53-37 ERROR litesvm] Payer account cyaibXfQvCC4qKDYNguU4mXryhKjSkszPWkd56KFkrF not found.
[2026-05-31--23-53-37 ERROR litesvm] Payer account cyaibXfQvCC4qKDYNguU4mXryhKjSkszPWkd56KFkrF not found.
[2026-05-31--23-53-37 ERROR litesvm] Payer account cyaibXfQvCC4qKDYNguU4mXryhKjSkszPWkd56KFkrF not found.
[2026-05-31--23-53-37 ERROR litesvm] Payer account cyaibXfQvCC4qKDYNguU4mXryhKjSkszPWkd56KFkrF not found.
[2026-05-31--23-53-37 ERROR litesvm] Payer account cyaibXfQvCC4qKDYNguU4mXryhKjSkszPWkd56KFkrF not found.
[2026-05-31--23-53-37 ERROR litesvm] Payer account cyaibXfQvCC4qKDYNguU4mXryhKjSkszPWkd56KFkrF not found.
[2026-05-31--23-53-37 ERROR litesvm] Payer account cyaibXfQvCC4qKDYNguU4mXryhKjSkszPWkd56KFkrF not found.
[2026-05-31--23-53-37 ERROR litesvm] Payer account cyaibXfQvCC4qKDYNguU4mXryhKjSkszPWkd56KFkrF not found.
[2026-05-31--23-53-37 ERROR litesvm] Payer account cyaibXfQvCC4qKDYNguU4mXryhKjSkszPWkd56KFkrF not found.
[2026-05-31--23-53-37 ERROR litesvm] Payer account cyaibXfQvCC4qKDYNguU4mXryhKjSkszPWkd56KFkrF not found.
[2026-05-31--23-53-37 ERROR litesvm] Payer account cyaibXfQvCC4qKDYNguU4mXryhKjSkszPWkd56KFkrF not found.
[2026-05-31--23-53-37 ERROR litesvm] Payer account cyaibXfQvCC4qKDYNguU4mXryhKjSkszPWkd56KFkrF not found.
[2026-05-31--23-53-37 ERROR litesvm] Payer account cyaibXfQvCC4qKDYNguU4mXryhKjSkszPWkd56KFkrF not found.
[2026-05-31--23-53-37 ERROR litesvm] Payer account cyaibXfQvCC4qKDYNguU4mXryhKjSkszPWkd56KFkrF not found.
[2026-05-31--23-53-37 ERROR litesvm] Payer account cyaibXfQvCC4qKDYNguU4mXryhKjSkszPWkd56KFkrF not found.
[2026-05-31--23-53-37 ERROR litesvm] Payer account cyaibXfQvCC4qKDYNguU4mXryhKjSkszPWkd56KFkrF not found.
[2026-05-31--23-53-37 ERROR litesvm] Payer account cyaibXfQvCC4qKDYNguU4mXryhKjSkszPWkd56KFkrF not found.
[2026-05-31--23-53-37 ERROR litesvm] Payer account cyaibXfQvCC4qKDYNguU4mXryhKjSkszPWkd56KFkrF not found.
[2026-05-31--23-53-37 ERROR litesvm] Payer account cyaibXfQvCC4qKDYNguU4mXryhKjSkszPWkd56KFkrF not found.
[2026-05-31--23-53-37 ERROR litesvm] Payer account cyaibXfQvCC4qKDYNguU4mXryhKjSkszPWkd56KFkrF not found.
[2026-05-31--23-53-38 ERROR litesvm] Payer account cyaibXfQvCC4qKDYNguU4mXryhKjSkszPWkd56KFkrF not found.
[2026-05-31--23-53-38 ERROR litesvm] Payer account cyaibXfQvCC4qKDYNguU4mXryhKjSkszPWkd56KFkrF not found.
[2026-05-31--23-53-38 ERROR litesvm] Payer account cyaibXfQvCC4qKDYNguU4mXryhKjSkszPWkd56KFkrF not found.
[2026-05-31--23-53-38 ERROR litesvm] Payer account cyaibXfQvCC4qKDYNguU4mXryhKjSkszPWkd56KFkrF not found.
[2026-05-31--23-53-38 ERROR litesvm] Payer account cyaibXfQvCC4qKDYNguU4mXryhKjSkszPWkd56KFkrF not found.
[2026-05-31--23-53-38 ERROR litesvm] Payer account cyaibXfQvCC4qKDYNguU4mXryhKjSkszPWkd56KFkrF not found.
[2026-05-31--23-53-38 ERROR litesvm] Payer account cyaibXfQvCC4qKDYNguU4mXryhKjSkszPWkd56KFkrF not found.
[2026-05-31--23-53-38 ERROR litesvm] Payer account cyaibXfQvCC4qKDYNguU4mXryhKjSkszPWkd56KFkrF not found.
[2026-05-31--23-53-38 ERROR litesvm] Payer account cyaibXfQvCC4qKDYNguU4mXryhKjSkszPWkd56KFkrF not found.
[2026-05-31--23-53-38 ERROR litesvm] Payer account cyaibXfQvCC4qKDYNguU4mXryhKjSkszPWkd56KFkrF not found.
[2026-05-31--23-53-38 ERROR litesvm] Payer account cyaibXfQvCC4qKDYNguU4mXryhKjSkszPWkd56KFkrF not found.
[2026-05-31--23-53-38 ERROR litesvm] Payer account cyaibXfQvCC4qKDYNguU4mXryhKjSkszPWkd56KFkrF not found.
[2026-05-31--23-53-38 ERROR litesvm] Payer account cyaibXfQvCC4qKDYNguU4mXryhKjSkszPWkd56KFkrF not found.
[2026-05-31--23-53-38 ERROR litesvm] Payer account cyaibXfQvCC4qKDYNguU4mXryhKjSkszPWkd56KFkrF not found.
[2026-05-31--23-53-38 ERROR litesvm] Payer account cyaibXfQvCC4qKDYNguU4mXryhKjSkszPWkd56KFkrF not found.
[2026-05-31--23-53-38 ERROR litesvm] Payer account cyaibXfQvCC4qKDYNguU4mXryhKjSkszPWkd56KFkrF not found.
[2026-05-31--23-53-38 ERROR litesvm] Payer account cyaibXfQvCC4qKDYNguU4mXryhKjSkszPWkd56KFkrF not found.
[2026-05-31--23-53-38 ERROR litesvm] Payer account cyaibXfQvCC4qKDYNguU4mXryhKjSkszPWkd56KFkrF not found.
[2026-05-31--23-53-38 ERROR litesvm] Payer account cyaibXfQvCC4qKDYNguU4mXryhKjSkszPWkd56KFkrF not found.
[2026-05-31--23-53-38 ERROR litesvm] Payer account cyaibXfQvCC4qKDYNguU4mXryhKjSkszPWkd56KFkrF not found.
[2026-05-31--23-53-38 ERROR litesvm] Payer account cyaibXfQvCC4qKDYNguU4mXryhKjSkszPWkd56KFkrF not found.
[2026-05-31--23-53-38 ERROR litesvm] Payer account cyaibXfQvCC4qKDYNguU4mXryhKjSkszPWkd56KFkrF not found.
[2026-05-31--23-53-38 ERROR litesvm] Payer account cyaibXfQvCC4qKDYNguU4mXryhKjSkszPWkd56KFkrF not found.
[2026-05-31--23-53-38 ERROR litesvm] Payer account cyaibXfQvCC4qKDYNguU4mXryhKjSkszPWkd56KFkrF not found.
[2026-05-31--23-53-49 ERROR litesvm] Payer account cyaibXfQvCC4qKDYNguU4mXryhKjSkszPWkd56KFkrF not found.
[2026-05-31--23-53-49 ERROR litesvm] Payer account cyaibXfQvCC4qKDYNguU4mXryhKjSkszPWkd56KFkrF not found.
[2026-05-31--23-53-49 ERROR litesvm] Payer account cyaibXfQvCC4qKDYNguU4mXryhKjSkszPWkd56KFkrF not found.
[2026-05-31--23-53-49 ERROR litesvm] Payer account cyaibXfQvCC4qKDYNguU4mXryhKjSkszPWkd56KFkrF not found.
[2026-05-31--23-53-49 ERROR litesvm] Payer account cyaibXfQvCC4qKDYNguU4mXryhKjSkszPWkd56KFkrF not found.
[2026-05-31--23-53-49 ERROR litesvm] Payer account cyaibXfQvCC4qKDYNguU4mXryhKjSkszPWkd56KFkrF not found.
[2026-05-31--23-53-49 ERROR litesvm] Payer account cyaibXfQvCC4qKDYNguU4mXryhKjSkszPWkd56KFkrF not found.
[2026-05-31--23-53-49 ERROR litesvm] Payer account cyaibXfQvCC4qKDYNguU4mXryhKjSkszPWkd56KFkrF not found.
[2026-05-31--23-53-49 ERROR litesvm] Payer account cyaibXfQvCC4qKDYNguU4mXryhKjSkszPWkd56KFkrF not found.
[2026-05-31--23-53-50 ERROR litesvm] Payer account cyaibXfQvCC4qKDYNguU4mXryhKjSkszPWkd56KFkrF not found.
[2026-05-31--23-53-50 ERROR litesvm] Payer account cyaibXfQvCC4qKDYNguU4mXryhKjSkszPWkd56KFkrF not found.
[2026-05-31--23-53-50 ERROR litesvm] Payer account cyaibXfQvCC4qKDYNguU4mXryhKjSkszPWkd56KFkrF not found.
[2026-05-31--23-53-50 ERROR litesvm] Payer account cyaibXfQvCC4qKDYNguU4mXryhKjSkszPWkd56KFkrF not found.
[2026-05-31--23-53-50 ERROR litesvm] Payer account cyaibXfQvCC4qKDYNguU4mXryhKjSkszPWkd56KFkrF not found.
[2026-05-31--23-53-50 ERROR litesvm] Payer account cyaibXfQvCC4qKDYNguU4mXryhKjSkszPWkd56KFkrF not found.
[2026-05-31--23-53-50 ERROR litesvm] Payer account cyaibXfQvCC4qKDYNguU4mXryhKjSkszPWkd56KFkrF not found.
[2026-05-31--23-53-50 ERROR litesvm] Payer account cyaibXfQvCC4qKDYNguU4mXryhKjSkszPWkd56KFkrF not found.
[2026-05-31--23-53-50 ERROR litesvm] Payer account cyaibXfQvCC4qKDYNguU4mXryhKjSkszPWkd56KFkrF not found.
[2026-05-31--23-53-50 ERROR litesvm] Payer account cyaibXfQvCC4qKDYNguU4mXryhKjSkszPWkd56KFkrF not found.
[2026-05-31--23-53-50 ERROR litesvm] Payer account cyaibXfQvCC4qKDYNguU4mXryhKjSkszPWkd56KFkrF not found.
[2026-05-31--23-53-50 ERROR litesvm] Payer account cyaibXfQvCC4qKDYNguU4mXryhKjSkszPWkd56KFkrF not found.
[2026-05-31--23-53-50 ERROR litesvm] Payer account cyaibXfQvCC4qKDYNguU4mXryhKjSkszPWkd56KFkrF not found.
[2026-05-31--23-53-50 ERROR litesvm] Payer account cyaibXfQvCC4qKDYNguU4mXryhKjSkszPWkd56KFkrF not found.
[2026-05-31--23-53-50 ERROR litesvm] Payer account cyaibXfQvCC4qKDYNguU4mXryhKjSkszPWkd56KFkrF not found.
[2026-05-31--23-53-50 ERROR litesvm] Payer account cyaibXfQvCC4qKDYNguU4mXryhKjSkszPWkd56KFkrF not found.
[2026-05-31--23-53-50 ERROR litesvm] Payer account cyaibXfQvCC4qKDYNguU4mXryhKjSkszPWkd56KFkrF not found.
[2026-05-31--23-53-50 ERROR litesvm] Payer account cyaibXfQvCC4qKDYNguU4mXryhKjSkszPWkd56KFkrF not found.
[2026-05-31--23-53-50 ERROR litesvm] Payer account cyaibXfQvCC4qKDYNguU4mXryhKjSkszPWkd56KFkrF not found.
[2026-05-31--23-53-50 ERROR litesvm] Payer account cyaibXfQvCC4qKDYNguU4mXryhKjSkszPWkd56KFkrF not found.
[2026-05-31--23-53-50 ERROR litesvm] Payer account cyaibXfQvCC4qKDYNguU4mXryhKjSkszPWkd56KFkrF not found.
[2026-05-31--23-53-50 ERROR litesvm] Payer account cyaibXfQvCC4qKDYNguU4mXryhKjSkszPWkd56KFkrF not found.
[2026-05-31--23-53-50 ERROR litesvm] Payer account cyaibXfQvCC4qKDYNguU4mXryhKjSkszPWkd56KFkrF not found.
[2026-05-31--23-53-51 ERROR litesvm] Payer account cyaibXfQvCC4qKDYNguU4mXryhKjSkszPWkd56KFkrF not found.
[2026-05-31--23-53-51 ERROR litesvm] Payer account cyaibXfQvCC4qKDYNguU4mXryhKjSkszPWkd56KFkrF not found.
[2026-05-31--23-53-51 ERROR litesvm] Payer account cyaibXfQvCC4qKDYNguU4mXryhKjSkszPWkd56KFkrF not found.
[2026-05-31--23-53-51 ERROR litesvm] Payer account cyaibXfQvCC4qKDYNguU4mXryhKjSkszPWkd56KFkrF not found.
[2026-05-31--23-53-51 ERROR litesvm] Payer account cyaibXfQvCC4qKDYNguU4mXryhKjSkszPWkd56KFkrF not found.
[2026-05-31--23-53-51 ERROR litesvm] Payer account cyaibXfQvCC4qKDYNguU4mXryhKjSkszPWkd56KFkrF not found.
[2026-05-31--23-53-51 ERROR litesvm] Payer account cyaibXfQvCC4qKDYNguU4mXryhKjSkszPWkd56KFkrF not found.
[2026-05-31--23-53-51 ERROR litesvm] Payer account cyaibXfQvCC4qKDYNguU4mXryhKjSkszPWkd56KFkrF not found.
[2026-05-31--23-53-51 ERROR litesvm] Payer account cyaibXfQvCC4qKDYNguU4mXryhKjSkszPWkd56KFkrF not found.
[2026-05-31--23-53-51 ERROR litesvm] Payer account cyaibXfQvCC4qKDYNguU4mXryhKjSkszPWkd56KFkrF not found.
[2026-05-31--23-53-51 ERROR litesvm] Payer account cyaibXfQvCC4qKDYNguU4mXryhKjSkszPWkd56KFkrF not found.
[2026-05-31--23-53-51 ERROR litesvm] Payer account cyaibXfQvCC4qKDYNguU4mXryhKjSkszPWkd56KFkrF not found.
[2026-05-31--23-53-51 ERROR litesvm] Payer account cyaibXfQvCC4qKDYNguU4mXryhKjSkszPWkd56KFkrF not found.
[2026-05-31--23-53-51 ERROR litesvm] Payer account cyaibXfQvCC4qKDYNguU4mXryhKjSkszPWkd56KFkrF not found.
[2026-05-31--23-53-51 ERROR litesvm] Payer account cyaibXfQvCC4qKDYNguU4mXryhKjSkszPWkd56KFkrF not found.
[2026-05-31--23-53-51 ERROR litesvm] Payer account cyaibXfQvCC4qKDYNguU4mXryhKjSkszPWkd56KFkrF not found.
[2026-05-31--23-53-51 ERROR litesvm] Payer account cyaibXfQvCC4qKDYNguU4mXryhKjSkszPWkd56KFkrF not found.
[2026-05-31--23-53-51 ERROR litesvm] Payer account cyaibXfQvCC4qKDYNguU4mXryhKjSkszPWkd56KFkrF not found.
[2026-05-31--23-53-51 ERROR litesvm] Payer account cyaibXfQvCC4qKDYNguU4mXryhKjSkszPWkd56KFkrF not found.
[2026-05-31--23-53-51 ERROR litesvm] Payer account cyaibXfQvCC4qKDYNguU4mXryhKjSkszPWkd56KFkrF not found.
[2026-05-31--23-53-51 ERROR litesvm] Payer account cyaibXfQvCC4qKDYNguU4mXryhKjSkszPWkd56KFkrF not found.
[2026-05-31--23-53-51 ERROR litesvm] Payer account cyaibXfQvCC4qKDYNguU4mXryhKjSkszPWkd56KFkrF not found.
[2026-05-31--23-53-51 ERROR litesvm] Payer account cyaibXfQvCC4qKDYNguU4mXryhKjSkszPWkd56KFkrF not found.
[2026-05-31--23-53-51 ERROR litesvm] Payer account cyaibXfQvCC4qKDYNguU4mXryhKjSkszPWkd56KFkrF not found.
[2026-05-31--23-53-52 ERROR litesvm] Payer account cyaibXfQvCC4qKDYNguU4mXryhKjSkszPWkd56KFkrF not found.
[2026-05-31--23-53-52 ERROR litesvm] Payer account cyaibXfQvCC4qKDYNguU4mXryhKjSkszPWkd56KFkrF not found.
[2026-05-31--23-53-52 ERROR litesvm] Payer account cyaibXfQvCC4qKDYNguU4mXryhKjSkszPWkd56KFkrF not found.
[2026-05-31--23-53-52 ERROR litesvm] Payer account cyaibXfQvCC4qKDYNguU4mXryhKjSkszPWkd56KFkrF not found.
[2026-05-31--23-53-52 ERROR litesvm] Payer account cyaibXfQvCC4qKDYNguU4mXryhKjSkszPWkd56KFkrF not found.
[2026-05-31--23-53-52 ERROR litesvm] Payer account cyaibXfQvCC4qKDYNguU4mXryhKjSkszPWkd56KFkrF not found.
[2026-05-31--23-53-52 ERROR litesvm] Payer account cyaibXfQvCC4qKDYNguU4mXryhKjSkszPWkd56KFkrF not found.
[2026-05-31--23-53-52 ERROR litesvm] Payer account cyaibXfQvCC4qKDYNguU4mXryhKjSkszPWkd56KFkrF not found.
[2026-05-31--23-53-52 ERROR litesvm] Payer account cyaibXfQvCC4qKDYNguU4mXryhKjSkszPWkd56KFkrF not found.
[2026-05-31--23-53-52 ERROR litesvm] Payer account cyaibXfQvCC4qKDYNguU4mXryhKjSkszPWkd56KFkrF not found.
[2026-05-31--23-53-52 ERROR litesvm] Payer account cyaibXfQvCC4qKDYNguU4mXryhKjSkszPWkd56KFkrF not found.
[2026-05-31--23-53-52 ERROR litesvm] Payer account cyaibXfQvCC4qKDYNguU4mXryhKjSkszPWkd56KFkrF not found.
[2026-05-31--23-53-52 ERROR litesvm] Payer account cyaibXfQvCC4qKDYNguU4mXryhKjSkszPWkd56KFkrF not found.
[2026-05-31--23-53-52 ERROR litesvm] Payer account cyaibXfQvCC4qKDYNguU4mXryhKjSkszPWkd56KFkrF not found.
[2026-05-31--23-53-52 ERROR litesvm] Payer account cyaibXfQvCC4qKDYNguU4mXryhKjSkszPWkd56KFkrF not found.
[2026-05-31--23-53-52 ERROR litesvm] Payer account cyaibXfQvCC4qKDYNguU4mXryhKjSkszPWkd56KFkrF not found.
[2026-05-31--23-53-52 ERROR litesvm] Payer account cyaibXfQvCC4qKDYNguU4mXryhKjSkszPWkd56KFkrF not found.
[2026-05-31--23-53-52 ERROR litesvm] Payer account cyaibXfQvCC4qKDYNguU4mXryhKjSkszPWkd56KFkrF not found.
[2026-05-31--23-53-52 ERROR litesvm] Payer account cyaibXfQvCC4qKDYNguU4mXryhKjSkszPWkd56KFkrF not found.
[2026-05-31--23-53-52 ERROR litesvm] Payer account cyaibXfQvCC4qKDYNguU4mXryhKjSkszPWkd56KFkrF not found.
[2026-05-31--23-53-52 ERROR litesvm] Payer account cyaibXfQvCC4qKDYNguU4mXryhKjSkszPWkd56KFkrF not found.
[2026-05-31--23-53-52 ERROR litesvm] Payer account cyaibXfQvCC4qKDYNguU4mXryhKjSkszPWkd56KFkrF not found.
[2026-05-31--23-53-52 ERROR litesvm] Payer account cyaibXfQvCC4qKDYNguU4mXryhKjSkszPWkd56KFkrF not found.
[2026-05-31--23-53-52 ERROR litesvm] Payer account cyaibXfQvCC4qKDYNguU4mXryhKjSkszPWkd56KFkrF not found.
[2026-05-31--23-53-53 ERROR litesvm] Payer account cyaibXfQvCC4qKDYNguU4mXryhKjSkszPWkd56KFkrF not found.
[2026-05-31--23-53-53 ERROR litesvm] Payer account cyaibXfQvCC4qKDYNguU4mXryhKjSkszPWkd56KFkrF not found.
[2026-05-31--23-53-53 ERROR litesvm] Payer account cyaibXfQvCC4qKDYNguU4mXryhKjSkszPWkd56KFkrF not found.
[2026-05-31--23-53-53 ERROR litesvm] Payer account cyaibXfQvCC4qKDYNguU4mXryhKjSkszPWkd56KFkrF not found.
[2026-05-31--23-53-53 ERROR litesvm] Payer account cyaibXfQvCC4qKDYNguU4mXryhKjSkszPWkd56KFkrF not found.
[2026-05-31--23-53-53 ERROR litesvm] Payer account cyaibXfQvCC4qKDYNguU4mXryhKjSkszPWkd56KFkrF not found.
[2026-05-31--23-53-53 ERROR litesvm] Payer account cyaibXfQvCC4qKDYNguU4mXryhKjSkszPWkd56KFkrF not found.
[2026-05-31--23-53-53 ERROR litesvm] Payer account cyaibXfQvCC4qKDYNguU4mXryhKjSkszPWkd56KFkrF not found.
[2026-05-31--23-53-53 ERROR litesvm] Payer account cyaibXfQvCC4qKDYNguU4mXryhKjSkszPWkd56KFkrF not found.
[2026-05-31--23-53-53 ERROR litesvm] Payer account cyaibXfQvCC4qKDYNguU4mXryhKjSkszPWkd56KFkrF not found.
[2026-05-31--23-53-53 ERROR litesvm] Payer account cyaibXfQvCC4qKDYNguU4mXryhKjSkszPWkd56KFkrF not found.
[2026-05-31--23-53-53 ERROR litesvm] Payer account cyaibXfQvCC4qKDYNguU4mXryhKjSkszPWkd56KFkrF not found.
[2026-05-31--23-53-53 ERROR litesvm] Payer account cyaibXfQvCC4qKDYNguU4mXryhKjSkszPWkd56KFkrF not found.
[2026-05-31--23-53-53 ERROR litesvm] Payer account cyaibXfQvCC4qKDYNguU4mXryhKjSkszPWkd56KFkrF not found.
[2026-05-31--23-53-53 ERROR litesvm] Payer account cyaibXfQvCC4qKDYNguU4mXryhKjSkszPWkd56KFkrF not found.
[2026-05-31--23-53-53 ERROR litesvm] Payer account cyaibXfQvCC4qKDYNguU4mXryhKjSkszPWkd56KFkrF not found.
[2026-05-31--23-53-53 ERROR litesvm] Payer account cyaibXfQvCC4qKDYNguU4mXryhKjSkszPWkd56KFkrF not found.
[2026-05-31--23-53-53 ERROR litesvm] Payer account cyaibXfQvCC4qKDYNguU4mXryhKjSkszPWkd56KFkrF not found.
[2026-05-31--23-53-53 ERROR litesvm] Payer account cyaibXfQvCC4qKDYNguU4mXryhKjSkszPWkd56KFkrF not found.
[2026-05-31--23-53-53 ERROR litesvm] Payer account cyaibXfQvCC4qKDYNguU4mXryhKjSkszPWkd56KFkrF not found.
[2026-05-31--23-53-54 ERROR litesvm] Payer account cyaibXfQvCC4qKDYNguU4mXryhKjSkszPWkd56KFkrF not found.
[2026-05-31--23-53-54 ERROR litesvm] Payer account cyaibXfQvCC4qKDYNguU4mXryhKjSkszPWkd56KFkrF not found.
[2026-05-31--23-53-54 ERROR litesvm] Payer account cyaibXfQvCC4qKDYNguU4mXryhKjSkszPWkd56KFkrF not found.
[2026-05-31--23-53-54 ERROR litesvm] Payer account cyaibXfQvCC4qKDYNguU4mXryhKjSkszPWkd56KFkrF not found.
[2026-05-31--23-53-54 ERROR litesvm] Payer account cyaibXfQvCC4qKDYNguU4mXryhKjSkszPWkd56KFkrF not found.
[2026-05-31--23-53-54 ERROR litesvm] Payer account cyaibXfQvCC4qKDYNguU4mXryhKjSkszPWkd56KFkrF not found.
[2026-05-31--23-53-54 ERROR litesvm] Payer account cyaibXfQvCC4qKDYNguU4mXryhKjSkszPWkd56KFkrF not found.
[2026-05-31--23-53-54 ERROR litesvm] Payer account cyaibXfQvCC4qKDYNguU4mXryhKjSkszPWkd56KFkrF not found.
[2026-05-31--23-53-54 ERROR litesvm] Payer account cyaibXfQvCC4qKDYNguU4mXryhKjSkszPWkd56KFkrF not found.
[2026-05-31--23-53-54 ERROR litesvm] Payer account cyaibXfQvCC4qKDYNguU4mXryhKjSkszPWkd56KFkrF not found.
[2026-05-31--23-53-54 ERROR litesvm] Payer account cyaibXfQvCC4qKDYNguU4mXryhKjSkszPWkd56KFkrF not found.
[2026-05-31--23-53-54 ERROR litesvm] Payer account cyaibXfQvCC4qKDYNguU4mXryhKjSkszPWkd56KFkrF not found.
[2026-05-31--23-53-54 ERROR litesvm] Payer account cyaibXfQvCC4qKDYNguU4mXryhKjSkszPWkd56KFkrF not found.
[2026-05-31--23-53-54 ERROR litesvm] Payer account cyaibXfQvCC4qKDYNguU4mXryhKjSkszPWkd56KFkrF not found.
[2026-05-31--23-53-54 ERROR litesvm] Payer account cyaibXfQvCC4qKDYNguU4mXryhKjSkszPWkd56KFkrF not found.
[2026-05-31--23-53-54 ERROR litesvm] Payer account cyaibXfQvCC4qKDYNguU4mXryhKjSkszPWkd56KFkrF not found.
[2026-05-31--23-53-54 ERROR litesvm] Payer account cyaibXfQvCC4qKDYNguU4mXryhKjSkszPWkd56KFkrF not found.
[2026-05-31--23-53-54 ERROR litesvm] Payer account cyaibXfQvCC4qKDYNguU4mXryhKjSkszPWkd56KFkrF not found.
[2026-05-31--23-53-54 ERROR litesvm] Payer account cyaibXfQvCC4qKDYNguU4mXryhKjSkszPWkd56KFkrF not found.
[2026-05-31--23-53-54 ERROR litesvm] Payer account cyaibXfQvCC4qKDYNguU4mXryhKjSkszPWkd56KFkrF not found.
[2026-05-31--23-53-54 ERROR litesvm] Payer account cyaibXfQvCC4qKDYNguU4mXryhKjSkszPWkd56KFkrF not found.
[2026-05-31--23-53-54 ERROR litesvm] Payer account cyaibXfQvCC4qKDYNguU4mXryhKjSkszPWkd56KFkrF not found.
[2026-05-31--23-53-54 ERROR litesvm] Payer account cyaibXfQvCC4qKDYNguU4mXryhKjSkszPWkd56KFkrF not found.
[2026-05-31--23-53-54 ERROR litesvm] Payer account cyaibXfQvCC4qKDYNguU4mXryhKjSkszPWkd56KFkrF not found.
[2026-05-31--23-53-55 ERROR litesvm] Payer account cyaibXfQvCC4qKDYNguU4mXryhKjSkszPWkd56KFkrF not found.
[2026-05-31--23-53-55 ERROR litesvm] Payer account cyaibXfQvCC4qKDYNguU4mXryhKjSkszPWkd56KFkrF not found.
[2026-05-31--23-53-55 ERROR litesvm] Payer account cyaibXfQvCC4qKDYNguU4mXryhKjSkszPWkd56KFkrF not found.
[2026-05-31--23-53-55 ERROR litesvm] Payer account cyaibXfQvCC4qKDYNguU4mXryhKjSkszPWkd56KFkrF not found.
[2026-05-31--23-53-55 ERROR litesvm] Payer account cyaibXfQvCC4qKDYNguU4mXryhKjSkszPWkd56KFkrF not found.
[2026-05-31--23-53-55 ERROR litesvm] Payer account cyaibXfQvCC4qKDYNguU4mXryhKjSkszPWkd56KFkrF not found.
[2026-05-31--23-53-55 ERROR litesvm] Payer account cyaibXfQvCC4qKDYNguU4mXryhKjSkszPWkd56KFkrF not found.
[2026-05-31--23-53-55 ERROR litesvm] Payer account cyaibXfQvCC4qKDYNguU4mXryhKjSkszPWkd56KFkrF not found.
[2026-05-31--23-53-55 ERROR litesvm] Payer account cyaibXfQvCC4qKDYNguU4mXryhKjSkszPWkd56KFkrF not found.
[2026-05-31--23-53-55 ERROR litesvm] Payer account cyaibXfQvCC4qKDYNguU4mXryhKjSkszPWkd56KFkrF not found.
[2026-05-31--23-53-55 ERROR litesvm] Payer account cyaibXfQvCC4qKDYNguU4mXryhKjSkszPWkd56KFkrF not found.
[2026-05-31--23-53-55 ERROR litesvm] Payer account cyaibXfQvCC4qKDYNguU4mXryhKjSkszPWkd56KFkrF not found.
[2026-05-31--23-53-55 ERROR litesvm] Payer account cyaibXfQvCC4qKDYNguU4mXryhKjSkszPWkd56KFkrF not found.
[2026-05-31--23-53-55 ERROR litesvm] Payer account cyaibXfQvCC4qKDYNguU4mXryhKjSkszPWkd56KFkrF not found.
[2026-05-31--23-53-55 ERROR litesvm] Payer account cyaibXfQvCC4qKDYNguU4mXryhKjSkszPWkd56KFkrF not found.
[2026-05-31--23-53-55 ERROR litesvm] Payer account cyaibXfQvCC4qKDYNguU4mXryhKjSkszPWkd56KFkrF not found.
[2026-05-31--23-53-55 ERROR litesvm] Payer account cyaibXfQvCC4qKDYNguU4mXryhKjSkszPWkd56KFkrF not found.
[2026-05-31--23-53-55 ERROR litesvm] Payer account cyaibXfQvCC4qKDYNguU4mXryhKjSkszPWkd56KFkrF not found.
[2026-05-31--23-53-55 ERROR litesvm] Payer account cyaibXfQvCC4qKDYNguU4mXryhKjSkszPWkd56KFkrF not found.
[2026-05-31--23-53-55 ERROR litesvm] Payer account cyaibXfQvCC4qKDYNguU4mXryhKjSkszPWkd56KFkrF not found.
[2026-05-31--23-54-06 ERROR litesvm] Payer account cyaibXfQvCC4qKDYNguU4mXryhKjSkszPWkd56KFkrF not found.
[2026-05-31--23-54-06 ERROR litesvm] Payer account cyaibXfQvCC4qKDYNguU4mXryhKjSkszPWkd56KFkrF not found.
[2026-05-31--23-54-06 ERROR litesvm] Payer account cyaibXfQvCC4qKDYNguU4mXryhKjSkszPWkd56KFkrF not found.
[2026-05-31--23-54-06 ERROR litesvm] Payer account cyaibXfQvCC4qKDYNguU4mXryhKjSkszPWkd56KFkrF not found.
[2026-05-31--23-54-06 ERROR litesvm] Payer account cyaibXfQvCC4qKDYNguU4mXryhKjSkszPWkd56KFkrF not found.
[2026-05-31--23-54-06 ERROR litesvm] Payer account cyaibXfQvCC4qKDYNguU4mXryhKjSkszPWkd56KFkrF not found.
[2026-05-31--23-54-06 ERROR litesvm] Payer account cyaibXfQvCC4qKDYNguU4mXryhKjSkszPWkd56KFkrF not found.
[2026-05-31--23-54-06 ERROR litesvm] Payer account cyaibXfQvCC4qKDYNguU4mXryhKjSkszPWkd56KFkrF not found.
[2026-05-31--23-54-06 ERROR litesvm] Payer account cyaibXfQvCC4qKDYNguU4mXryhKjSkszPWkd56KFkrF not found.
[2026-05-31--23-54-06 ERROR litesvm] Payer account cyaibXfQvCC4qKDYNguU4mXryhKjSkszPWkd56KFkrF not found.
[2026-05-31--23-54-06 ERROR litesvm] Payer account cyaibXfQvCC4qKDYNguU4mXryhKjSkszPWkd56KFkrF not found.
[2026-05-31--23-54-06 ERROR litesvm] Payer account cyaibXfQvCC4qKDYNguU4mXryhKjSkszPWkd56KFkrF not found.
[2026-05-31--23-54-06 ERROR litesvm] Payer account cyaibXfQvCC4qKDYNguU4mXryhKjSkszPWkd56KFkrF not found.
[2026-05-31--23-54-06 ERROR litesvm] Payer account cyaibXfQvCC4qKDYNguU4mXryhKjSkszPWkd56KFkrF not found.
[2026-05-31--23-54-06 ERROR litesvm] Payer account cyaibXfQvCC4qKDYNguU4mXryhKjSkszPWkd56KFkrF not found.
[2026-05-31--23-54-06 ERROR litesvm] Payer account cyaibXfQvCC4qKDYNguU4mXryhKjSkszPWkd56KFkrF not found.
[2026-05-31--23-54-07 ERROR litesvm] Payer account cyaibXfQvCC4qKDYNguU4mXryhKjSkszPWkd56KFkrF not found.
[2026-05-31--23-54-07 ERROR litesvm] Payer account cyaibXfQvCC4qKDYNguU4mXryhKjSkszPWkd56KFkrF not found.
[2026-05-31--23-54-07 ERROR litesvm] Payer account cyaibXfQvCC4qKDYNguU4mXryhKjSkszPWkd56KFkrF not found.
[2026-05-31--23-54-07 ERROR litesvm] Payer account cyaibXfQvCC4qKDYNguU4mXryhKjSkszPWkd56KFkrF not found.
[2026-05-31--23-54-07 ERROR litesvm] Payer account cyaibXfQvCC4qKDYNguU4mXryhKjSkszPWkd56KFkrF not found.
[2026-05-31--23-54-07 ERROR litesvm] Payer account cyaibXfQvCC4qKDYNguU4mXryhKjSkszPWkd56KFkrF not found.
[2026-05-31--23-54-07 ERROR litesvm] Payer account cyaibXfQvCC4qKDYNguU4mXryhKjSkszPWkd56KFkrF not found.
[2026-05-31--23-54-07 ERROR litesvm] Payer account cyaibXfQvCC4qKDYNguU4mXryhKjSkszPWkd56KFkrF not found.
[2026-05-31--23-54-34 ERROR litesvm] Payer account cyaibXfQvCC4qKDYNguU4mXryhKjSkszPWkd56KFkrF not found.
[2026-05-31--23-54-34 ERROR litesvm] Payer account cyaibXfQvCC4qKDYNguU4mXryhKjSkszPWkd56KFkrF not found.
[2026-05-31--23-54-34 ERROR litesvm] Payer account cyaibXfQvCC4qKDYNguU4mXryhKjSkszPWkd56KFkrF not found.
[2026-05-31--23-54-34 ERROR litesvm] Payer account cyaibXfQvCC4qKDYNguU4mXryhKjSkszPWkd56KFkrF not found.
[2026-05-31--23-54-36 ERROR litesvm] Payer account cyaibXfQvCC4qKDYNguU4mXryhKjSkszPWkd56KFkrF not found.
[2026-05-31--23-54-36 ERROR litesvm] Payer account cyaibXfQvCC4qKDYNguU4mXryhKjSkszPWkd56KFkrF not found.
[2026-05-31--23-54-36 ERROR litesvm] Payer account cyaibXfQvCC4qKDYNguU4mXryhKjSkszPWkd56KFkrF not found.
[2026-05-31--23-54-36 ERROR litesvm] Payer account cyaibXfQvCC4qKDYNguU4mXryhKjSkszPWkd56KFkrF not found.
[2026-05-31--23-54-36 ERROR litesvm] Payer account cyaibXfQvCC4qKDYNguU4mXryhKjSkszPWkd56KFkrF not found.
[2026-05-31--23-54-36 ERROR litesvm] Payer account cyaibXfQvCC4qKDYNguU4mXryhKjSkszPWkd56KFkrF not found.
[2026-05-31--23-54-36 ERROR litesvm] Payer account cyaibXfQvCC4qKDYNguU4mXryhKjSkszPWkd56KFkrF not found.
[2026-05-31--23-54-36 ERROR litesvm] Payer account cyaibXfQvCC4qKDYNguU4mXryhKjSkszPWkd56KFkrF not found.
[2026-05-31--23-54-36 ERROR litesvm] Payer account cyaibXfQvCC4qKDYNguU4mXryhKjSkszPWkd56KFkrF not found.
[2026-05-31--23-54-36 ERROR litesvm] Payer account cyaibXfQvCC4qKDYNguU4mXryhKjSkszPWkd56KFkrF not found.
[2026-05-31--23-54-36 ERROR litesvm] Payer account cyaibXfQvCC4qKDYNguU4mXryhKjSkszPWkd56KFkrF not found.
[2026-05-31--23-54-36 ERROR litesvm] Payer account cyaibXfQvCC4qKDYNguU4mXryhKjSkszPWkd56KFkrF not found.
[2026-05-31--23-54-36 ERROR litesvm] Payer account cyaibXfQvCC4qKDYNguU4mXryhKjSkszPWkd56KFkrF not found.
[2026-05-31--23-54-36 ERROR litesvm] Payer account cyaibXfQvCC4qKDYNguU4mXryhKjSkszPWkd56KFkrF not found.
[2026-05-31--23-54-36 ERROR litesvm] Payer account cyaibXfQvCC4qKDYNguU4mXryhKjSkszPWkd56KFkrF not found.
[2026-05-31--23-54-36 ERROR litesvm] Payer account cyaibXfQvCC4qKDYNguU4mXryhKjSkszPWkd56KFkrF not found.
[2026-05-31--23-54-37 ERROR litesvm] Payer account cyaibXfQvCC4qKDYNguU4mXryhKjSkszPWkd56KFkrF not found.
[2026-05-31--23-54-37 ERROR litesvm] Payer account cyaibXfQvCC4qKDYNguU4mXryhKjSkszPWkd56KFkrF not found.
[2026-05-31--23-54-37 ERROR litesvm] Payer account cyaibXfQvCC4qKDYNguU4mXryhKjSkszPWkd56KFkrF not found.
[2026-05-31--23-54-37 ERROR litesvm] Payer account cyaibXfQvCC4qKDYNguU4mXryhKjSkszPWkd56KFkrF not found.
[2026-05-31--23-54-37 ERROR litesvm] Payer account cyaibXfQvCC4qKDYNguU4mXryhKjSkszPWkd56KFkrF not found.
[2026-05-31--23-54-37 ERROR litesvm] Payer account cyaibXfQvCC4qKDYNguU4mXryhKjSkszPWkd56KFkrF not found.
[2026-05-31--23-54-37 ERROR litesvm] Payer account cyaibXfQvCC4qKDYNguU4mXryhKjSkszPWkd56KFkrF not found.
[2026-05-31--23-54-37 ERROR litesvm] Payer account cyaibXfQvCC4qKDYNguU4mXryhKjSkszPWkd56KFkrF not found.
[2026-05-31--23-54-37 ERROR litesvm] Payer account cyaibXfQvCC4qKDYNguU4mXryhKjSkszPWkd56KFkrF not found.
[2026-05-31--23-54-37 ERROR litesvm] Payer account cyaibXfQvCC4qKDYNguU4mXryhKjSkszPWkd56KFkrF not found.
[2026-05-31--23-54-37 ERROR litesvm] Payer account cyaibXfQvCC4qKDYNguU4mXryhKjSkszPWkd56KFkrF not found.
[2026-05-31--23-54-37 ERROR litesvm] Payer account cyaibXfQvCC4qKDYNguU4mXryhKjSkszPWkd56KFkrF not found.
[2026-05-31--23-54-37 ERROR litesvm] Payer account cyaibXfQvCC4qKDYNguU4mXryhKjSkszPWkd56KFkrF not found.
[2026-05-31--23-54-37 ERROR litesvm] Payer account cyaibXfQvCC4qKDYNguU4mXryhKjSkszPWkd56KFkrF not found.
[2026-05-31--23-54-37 ERROR litesvm] Payer account cyaibXfQvCC4qKDYNguU4mXryhKjSkszPWkd56KFkrF not found.
[2026-05-31--23-54-37 ERROR litesvm] Payer account cyaibXfQvCC4qKDYNguU4mXryhKjSkszPWkd56KFkrF not found.
[2026-05-31--23-54-37 ERROR litesvm] Payer account cyaibXfQvCC4qKDYNguU4mXryhKjSkszPWkd56KFkrF not found.
[2026-05-31--23-54-37 ERROR litesvm] Payer account cyaibXfQvCC4qKDYNguU4mXryhKjSkszPWkd56KFkrF not found.
[2026-05-31--23-54-37 ERROR litesvm] Payer account cyaibXfQvCC4qKDYNguU4mXryhKjSkszPWkd56KFkrF not found.
[2026-05-31--23-54-37 ERROR litesvm] Payer account cyaibXfQvCC4qKDYNguU4mXryhKjSkszPWkd56KFkrF not found.
[2026-05-31--23-54-37 ERROR litesvm] Payer account cyaibXfQvCC4qKDYNguU4mXryhKjSkszPWkd56KFkrF not found.
[2026-05-31--23-54-37 ERROR litesvm] Payer account cyaibXfQvCC4qKDYNguU4mXryhKjSkszPWkd56KFkrF not found.
[2026-05-31--23-54-37 ERROR litesvm] Payer account cyaibXfQvCC4qKDYNguU4mXryhKjSkszPWkd56KFkrF not found.
[2026-05-31--23-54-37 ERROR litesvm] Payer account cyaibXfQvCC4qKDYNguU4mXryhKjSkszPWkd56KFkrF not found.
[2026-05-31--23-54-38 ERROR litesvm] Payer account cyaibXfQvCC4qKDYNguU4mXryhKjSkszPWkd56KFkrF not found.
[2026-05-31--23-54-38 ERROR litesvm] Payer account cyaibXfQvCC4qKDYNguU4mXryhKjSkszPWkd56KFkrF not found.
[2026-05-31--23-54-38 ERROR litesvm] Payer account cyaibXfQvCC4qKDYNguU4mXryhKjSkszPWkd56KFkrF not found.
[2026-05-31--23-54-38 ERROR litesvm] Payer account cyaibXfQvCC4qKDYNguU4mXryhKjSkszPWkd56KFkrF not found.
[2026-05-31--23-54-38 ERROR litesvm] Payer account cyaibXfQvCC4qKDYNguU4mXryhKjSkszPWkd56KFkrF not found.
[2026-05-31--23-54-38 ERROR litesvm] Payer account cyaibXfQvCC4qKDYNguU4mXryhKjSkszPWkd56KFkrF not found.
[2026-05-31--23-54-38 ERROR litesvm] Payer account cyaibXfQvCC4qKDYNguU4mXryhKjSkszPWkd56KFkrF not found.
[2026-05-31--23-54-38 ERROR litesvm] Payer account cyaibXfQvCC4qKDYNguU4mXryhKjSkszPWkd56KFkrF not found.
[2026-05-31--23-54-38 ERROR litesvm] Payer account cyaibXfQvCC4qKDYNguU4mXryhKjSkszPWkd56KFkrF not found.
[2026-05-31--23-54-38 ERROR litesvm] Payer account cyaibXfQvCC4qKDYNguU4mXryhKjSkszPWkd56KFkrF not found.
[2026-05-31--23-54-38 ERROR litesvm] Payer account cyaibXfQvCC4qKDYNguU4mXryhKjSkszPWkd56KFkrF not found.
[2026-05-31--23-54-38 ERROR litesvm] Payer account cyaibXfQvCC4qKDYNguU4mXryhKjSkszPWkd56KFkrF not found.
[2026-05-31--23-54-38 ERROR litesvm] Payer account cyaibXfQvCC4qKDYNguU4mXryhKjSkszPWkd56KFkrF not found.
[2026-05-31--23-54-38 ERROR litesvm] Payer account cyaibXfQvCC4qKDYNguU4mXryhKjSkszPWkd56KFkrF not found.
[2026-05-31--23-54-38 ERROR litesvm] Payer account cyaibXfQvCC4qKDYNguU4mXryhKjSkszPWkd56KFkrF not found.
[2026-05-31--23-54-38 ERROR litesvm] Payer account cyaibXfQvCC4qKDYNguU4mXryhKjSkszPWkd56KFkrF not found.
[2026-05-31--23-54-38 ERROR litesvm] Payer account cyaibXfQvCC4qKDYNguU4mXryhKjSkszPWkd56KFkrF not found.
[2026-05-31--23-54-38 ERROR litesvm] Payer account cyaibXfQvCC4qKDYNguU4mXryhKjSkszPWkd56KFkrF not found.
[2026-05-31--23-54-38 ERROR litesvm] Payer account cyaibXfQvCC4qKDYNguU4mXryhKjSkszPWkd56KFkrF not found.
[2026-05-31--23-54-38 ERROR litesvm] Payer account cyaibXfQvCC4qKDYNguU4mXryhKjSkszPWkd56KFkrF not found.
[2026-05-31--23-54-38 ERROR litesvm] Payer account cyaibXfQvCC4qKDYNguU4mXryhKjSkszPWkd56KFkrF not found.
[2026-05-31--23-54-38 ERROR litesvm] Payer account cyaibXfQvCC4qKDYNguU4mXryhKjSkszPWkd56KFkrF not found.
[2026-05-31--23-54-38 ERROR litesvm] Payer account cyaibXfQvCC4qKDYNguU4mXryhKjSkszPWkd56KFkrF not found.
[2026-05-31--23-54-38 ERROR litesvm] Payer account cyaibXfQvCC4qKDYNguU4mXryhKjSkszPWkd56KFkrF not found.
[2026-05-31--23-54-39 ERROR litesvm] Payer account cyaibXfQvCC4qKDYNguU4mXryhKjSkszPWkd56KFkrF not found.
[2026-05-31--23-54-39 ERROR litesvm] Payer account cyaibXfQvCC4qKDYNguU4mXryhKjSkszPWkd56KFkrF not found.
[2026-05-31--23-54-39 ERROR litesvm] Payer account cyaibXfQvCC4qKDYNguU4mXryhKjSkszPWkd56KFkrF not found.
[2026-05-31--23-54-39 ERROR litesvm] Payer account cyaibXfQvCC4qKDYNguU4mXryhKjSkszPWkd56KFkrF not found.
[2026-05-31--23-54-39 ERROR litesvm] Payer account cyaibXfQvCC4qKDYNguU4mXryhKjSkszPWkd56KFkrF not found.
[2026-05-31--23-54-39 ERROR litesvm] Payer account cyaibXfQvCC4qKDYNguU4mXryhKjSkszPWkd56KFkrF not found.
[2026-05-31--23-54-39 ERROR litesvm] Payer account cyaibXfQvCC4qKDYNguU4mXryhKjSkszPWkd56KFkrF not found.
[2026-05-31--23-54-39 ERROR litesvm] Payer account cyaibXfQvCC4qKDYNguU4mXryhKjSkszPWkd56KFkrF not found.
[2026-05-31--23-54-39 ERROR litesvm] Payer account cyaibXfQvCC4qKDYNguU4mXryhKjSkszPWkd56KFkrF not found.
[2026-05-31--23-54-39 ERROR litesvm] Payer account cyaibXfQvCC4qKDYNguU4mXryhKjSkszPWkd56KFkrF not found.
[2026-05-31--23-54-39 ERROR litesvm] Payer account cyaibXfQvCC4qKDYNguU4mXryhKjSkszPWkd56KFkrF not found.
[2026-05-31--23-54-39 ERROR litesvm] Payer account cyaibXfQvCC4qKDYNguU4mXryhKjSkszPWkd56KFkrF not found.
[2026-05-31--23-54-39 ERROR litesvm] Payer account cyaibXfQvCC4qKDYNguU4mXryhKjSkszPWkd56KFkrF not found.
[2026-05-31--23-54-39 ERROR litesvm] Payer account cyaibXfQvCC4qKDYNguU4mXryhKjSkszPWkd56KFkrF not found.
[2026-05-31--23-54-39 ERROR litesvm] Payer account cyaibXfQvCC4qKDYNguU4mXryhKjSkszPWkd56KFkrF not found.
[2026-05-31--23-54-39 ERROR litesvm] Payer account cyaibXfQvCC4qKDYNguU4mXryhKjSkszPWkd56KFkrF not found.
[2026-05-31--23-54-39 ERROR litesvm] Payer account cyaibXfQvCC4qKDYNguU4mXryhKjSkszPWkd56KFkrF not found.
[2026-05-31--23-54-39 ERROR litesvm] Payer account cyaibXfQvCC4qKDYNguU4mXryhKjSkszPWkd56KFkrF not found.
[2026-05-31--23-54-40 ERROR litesvm] Payer account cyaibXfQvCC4qKDYNguU4mXryhKjSkszPWkd56KFkrF not found.
[2026-05-31--23-54-40 ERROR litesvm] Payer account cyaibXfQvCC4qKDYNguU4mXryhKjSkszPWkd56KFkrF not found.
[2026-05-31--23-54-40 ERROR litesvm] Payer account cyaibXfQvCC4qKDYNguU4mXryhKjSkszPWkd56KFkrF not found.
[2026-05-31--23-54-40 ERROR litesvm] Payer account cyaibXfQvCC4qKDYNguU4mXryhKjSkszPWkd56KFkrF not found.
[2026-05-31--23-54-40 ERROR litesvm] Payer account cyaibXfQvCC4qKDYNguU4mXryhKjSkszPWkd56KFkrF not found.
[2026-05-31--23-54-40 ERROR litesvm] Payer account cyaibXfQvCC4qKDYNguU4mXryhKjSkszPWkd56KFkrF not found.
[2026-05-31--23-54-40 ERROR litesvm] Payer account cyaibXfQvCC4qKDYNguU4mXryhKjSkszPWkd56KFkrF not found.
[2026-05-31--23-54-40 ERROR litesvm] Payer account cyaibXfQvCC4qKDYNguU4mXryhKjSkszPWkd56KFkrF not found.
[2026-05-31--23-54-40 ERROR litesvm] Payer account cyaibXfQvCC4qKDYNguU4mXryhKjSkszPWkd56KFkrF not found.
[2026-05-31--23-54-40 ERROR litesvm] Payer account cyaibXfQvCC4qKDYNguU4mXryhKjSkszPWkd56KFkrF not found.
[2026-05-31--23-54-40 ERROR litesvm] Payer account cyaibXfQvCC4qKDYNguU4mXryhKjSkszPWkd56KFkrF not found.
[2026-05-31--23-54-40 ERROR litesvm] Payer account cyaibXfQvCC4qKDYNguU4mXryhKjSkszPWkd56KFkrF not found.
[2026-05-31--23-54-40 ERROR litesvm] Payer account cyaibXfQvCC4qKDYNguU4mXryhKjSkszPWkd56KFkrF not found.
[2026-05-31--23-54-40 ERROR litesvm] Payer account cyaibXfQvCC4qKDYNguU4mXryhKjSkszPWkd56KFkrF not found.
[2026-05-31--23-54-40 ERROR litesvm] Payer account cyaibXfQvCC4qKDYNguU4mXryhKjSkszPWkd56KFkrF not found.
[2026-05-31--23-54-40 ERROR litesvm] Payer account cyaibXfQvCC4qKDYNguU4mXryhKjSkszPWkd56KFkrF not found.
[2026-05-31--23-54-40 ERROR litesvm] Payer account cyaibXfQvCC4qKDYNguU4mXryhKjSkszPWkd56KFkrF not found.
[2026-05-31--23-54-40 ERROR litesvm] Payer account cyaibXfQvCC4qKDYNguU4mXryhKjSkszPWkd56KFkrF not found.
[2026-05-31--23-54-40 ERROR litesvm] Payer account cyaibXfQvCC4qKDYNguU4mXryhKjSkszPWkd56KFkrF not found.
[2026-05-31--23-54-40 ERROR litesvm] Payer account cyaibXfQvCC4qKDYNguU4mXryhKjSkszPWkd56KFkrF not found.
[2026-05-31--23-54-40 ERROR litesvm] Payer account cyaibXfQvCC4qKDYNguU4mXryhKjSkszPWkd56KFkrF not found.
[2026-05-31--23-54-41 ERROR litesvm] Payer account cyaibXfQvCC4qKDYNguU4mXryhKjSkszPWkd56KFkrF not found.
[2026-05-31--23-54-41 ERROR litesvm] Payer account cyaibXfQvCC4qKDYNguU4mXryhKjSkszPWkd56KFkrF not found.
[2026-05-31--23-54-41 ERROR litesvm] Payer account cyaibXfQvCC4qKDYNguU4mXryhKjSkszPWkd56KFkrF not found.
[2026-05-31--23-54-41 ERROR litesvm] Payer account cyaibXfQvCC4qKDYNguU4mXryhKjSkszPWkd56KFkrF not found.
[2026-05-31--23-54-41 ERROR litesvm] Payer account cyaibXfQvCC4qKDYNguU4mXryhKjSkszPWkd56KFkrF not found.
[2026-05-31--23-54-51 ERROR litesvm] Payer account cyaibXfQvCC4qKDYNguU4mXryhKjSkszPWkd56KFkrF not found.
[2026-05-31--23-54-51 ERROR litesvm] Payer account cyaibXfQvCC4qKDYNguU4mXryhKjSkszPWkd56KFkrF not found.
[2026-05-31--23-54-51 ERROR litesvm] Payer account cyaibXfQvCC4qKDYNguU4mXryhKjSkszPWkd56KFkrF not found.
[2026-05-31--23-54-51 ERROR litesvm] Payer account cyaibXfQvCC4qKDYNguU4mXryhKjSkszPWkd56KFkrF not found.
[2026-05-31--23-54-51 ERROR litesvm] Payer account cyaibXfQvCC4qKDYNguU4mXryhKjSkszPWkd56KFkrF not found.
[2026-05-31--23-54-51 ERROR litesvm] Payer account cyaibXfQvCC4qKDYNguU4mXryhKjSkszPWkd56KFkrF not found.
[2026-05-31--23-54-51 ERROR litesvm] Payer account cyaibXfQvCC4qKDYNguU4mXryhKjSkszPWkd56KFkrF not found.
[2026-05-31--23-54-51 ERROR litesvm] Payer account cyaibXfQvCC4qKDYNguU4mXryhKjSkszPWkd56KFkrF not found.
[2026-05-31--23-54-52 ERROR litesvm] Payer account cyaibXfQvCC4qKDYNguU4mXryhKjSkszPWkd56KFkrF not found.
[2026-05-31--23-54-52 ERROR litesvm] Payer account cyaibXfQvCC4qKDYNguU4mXryhKjSkszPWkd56KFkrF not found.
[2026-05-31--23-54-52 ERROR litesvm] Payer account cyaibXfQvCC4qKDYNguU4mXryhKjSkszPWkd56KFkrF not found.
[2026-05-31--23-54-52 ERROR litesvm] Payer account cyaibXfQvCC4qKDYNguU4mXryhKjSkszPWkd56KFkrF not found.
[2026-05-31--23-54-52 ERROR litesvm] Payer account cyaibXfQvCC4qKDYNguU4mXryhKjSkszPWkd56KFkrF not found.
[2026-05-31--23-54-52 ERROR litesvm] Payer account cyaibXfQvCC4qKDYNguU4mXryhKjSkszPWkd56KFkrF not found.
[2026-05-31--23-54-52 ERROR litesvm] Payer account cyaibXfQvCC4qKDYNguU4mXryhKjSkszPWkd56KFkrF not found.
[2026-05-31--23-54-52 ERROR litesvm] Payer account cyaibXfQvCC4qKDYNguU4mXryhKjSkszPWkd56KFkrF not found.
[2026-05-31--23-54-52 ERROR litesvm] Payer account cyaibXfQvCC4qKDYNguU4mXryhKjSkszPWkd56KFkrF not found.
[2026-05-31--23-54-52 ERROR litesvm] Payer account cyaibXfQvCC4qKDYNguU4mXryhKjSkszPWkd56KFkrF not found.
[2026-05-31--23-54-52 ERROR litesvm] Payer account cyaibXfQvCC4qKDYNguU4mXryhKjSkszPWkd56KFkrF not found.
[2026-05-31--23-54-52 ERROR litesvm] Payer account cyaibXfQvCC4qKDYNguU4mXryhKjSkszPWkd56KFkrF not found.
[2026-05-31--23-54-52 ERROR litesvm] Payer account cyaibXfQvCC4qKDYNguU4mXryhKjSkszPWkd56KFkrF not found.
[2026-05-31--23-54-52 ERROR litesvm] Payer account cyaibXfQvCC4qKDYNguU4mXryhKjSkszPWkd56KFkrF not found.
[2026-05-31--23-54-52 ERROR litesvm] Payer account cyaibXfQvCC4qKDYNguU4mXryhKjSkszPWkd56KFkrF not found.
[2026-05-31--23-54-52 ERROR litesvm] Payer account cyaibXfQvCC4qKDYNguU4mXryhKjSkszPWkd56KFkrF not found.
[2026-05-31--23-54-52 ERROR litesvm] Payer account cyaibXfQvCC4qKDYNguU4mXryhKjSkszPWkd56KFkrF not found.
[2026-05-31--23-54-52 ERROR litesvm] Payer account cyaibXfQvCC4qKDYNguU4mXryhKjSkszPWkd56KFkrF not found.
[2026-05-31--23-54-52 ERROR litesvm] Payer account cyaibXfQvCC4qKDYNguU4mXryhKjSkszPWkd56KFkrF not found.
[2026-05-31--23-54-52 ERROR litesvm] Payer account cyaibXfQvCC4qKDYNguU4mXryhKjSkszPWkd56KFkrF not found.
[2026-05-31--23-54-52 ERROR litesvm] Payer account cyaibXfQvCC4qKDYNguU4mXryhKjSkszPWkd56KFkrF not found.
[2026-05-31--23-54-52 ERROR litesvm] Payer account cyaibXfQvCC4qKDYNguU4mXryhKjSkszPWkd56KFkrF not found.
[2026-05-31--23-54-52 ERROR litesvm] Payer account cyaibXfQvCC4qKDYNguU4mXryhKjSkszPWkd56KFkrF not found.
[2026-05-31--23-54-53 ERROR litesvm] Payer account cyaibXfQvCC4qKDYNguU4mXryhKjSkszPWkd56KFkrF not found.
[2026-05-31--23-54-53 ERROR litesvm] Payer account cyaibXfQvCC4qKDYNguU4mXryhKjSkszPWkd56KFkrF not found.
[2026-05-31--23-54-53 ERROR litesvm] Payer account cyaibXfQvCC4qKDYNguU4mXryhKjSkszPWkd56KFkrF not found.
[2026-05-31--23-54-53 ERROR litesvm] Payer account cyaibXfQvCC4qKDYNguU4mXryhKjSkszPWkd56KFkrF not found.
[2026-05-31--23-54-53 ERROR litesvm] Payer account cyaibXfQvCC4qKDYNguU4mXryhKjSkszPWkd56KFkrF not found.
[2026-05-31--23-54-53 ERROR litesvm] Payer account cyaibXfQvCC4qKDYNguU4mXryhKjSkszPWkd56KFkrF not found.
[2026-05-31--23-54-53 ERROR litesvm] Payer account cyaibXfQvCC4qKDYNguU4mXryhKjSkszPWkd56KFkrF not found.
[2026-05-31--23-54-53 ERROR litesvm] Payer account cyaibXfQvCC4qKDYNguU4mXryhKjSkszPWkd56KFkrF not found.
[2026-05-31--23-54-53 ERROR litesvm] Payer account cyaibXfQvCC4qKDYNguU4mXryhKjSkszPWkd56KFkrF not found.
[2026-05-31--23-54-53 ERROR litesvm] Payer account cyaibXfQvCC4qKDYNguU4mXryhKjSkszPWkd56KFkrF not found.
[2026-05-31--23-54-53 ERROR litesvm] Payer account cyaibXfQvCC4qKDYNguU4mXryhKjSkszPWkd56KFkrF not found.
[2026-05-31--23-54-53 ERROR litesvm] Payer account cyaibXfQvCC4qKDYNguU4mXryhKjSkszPWkd56KFkrF not found.
[2026-05-31--23-54-53 ERROR litesvm] Payer account cyaibXfQvCC4qKDYNguU4mXryhKjSkszPWkd56KFkrF not found.
[2026-05-31--23-54-53 ERROR litesvm] Payer account cyaibXfQvCC4qKDYNguU4mXryhKjSkszPWkd56KFkrF not found.
[2026-05-31--23-54-53 ERROR litesvm] Payer account cyaibXfQvCC4qKDYNguU4mXryhKjSkszPWkd56KFkrF not found.
[2026-05-31--23-54-53 ERROR litesvm] Payer account cyaibXfQvCC4qKDYNguU4mXryhKjSkszPWkd56KFkrF not found.
[2026-05-31--23-54-53 ERROR litesvm] Payer account cyaibXfQvCC4qKDYNguU4mXryhKjSkszPWkd56KFkrF not found.
[2026-05-31--23-54-53 ERROR litesvm] Payer account cyaibXfQvCC4qKDYNguU4mXryhKjSkszPWkd56KFkrF not found.
[2026-05-31--23-54-53 ERROR litesvm] Payer account cyaibXfQvCC4qKDYNguU4mXryhKjSkszPWkd56KFkrF not found.
[2026-05-31--23-54-53 ERROR litesvm] Payer account cyaibXfQvCC4qKDYNguU4mXryhKjSkszPWkd56KFkrF not found.
[2026-05-31--23-54-53 ERROR litesvm] Payer account cyaibXfQvCC4qKDYNguU4mXryhKjSkszPWkd56KFkrF not found.
[2026-05-31--23-54-54 ERROR litesvm] Payer account cyaibXfQvCC4qKDYNguU4mXryhKjSkszPWkd56KFkrF not found.
[2026-05-31--23-54-54 ERROR litesvm] Payer account cyaibXfQvCC4qKDYNguU4mXryhKjSkszPWkd56KFkrF not found.
[2026-05-31--23-54-54 ERROR litesvm] Payer account cyaibXfQvCC4qKDYNguU4mXryhKjSkszPWkd56KFkrF not found.
[2026-05-31--23-54-54 ERROR litesvm] Payer account cyaibXfQvCC4qKDYNguU4mXryhKjSkszPWkd56KFkrF not found.
[2026-05-31--23-54-54 ERROR litesvm] Payer account cyaibXfQvCC4qKDYNguU4mXryhKjSkszPWkd56KFkrF not found.
[2026-05-31--23-54-54 ERROR litesvm] Payer account cyaibXfQvCC4qKDYNguU4mXryhKjSkszPWkd56KFkrF not found.
[2026-05-31--23-54-54 ERROR litesvm] Payer account cyaibXfQvCC4qKDYNguU4mXryhKjSkszPWkd56KFkrF not found.
[2026-05-31--23-54-54 ERROR litesvm] Payer account cyaibXfQvCC4qKDYNguU4mXryhKjSkszPWkd56KFkrF not found.
[2026-05-31--23-54-54 ERROR litesvm] Payer account cyaibXfQvCC4qKDYNguU4mXryhKjSkszPWkd56KFkrF not found.
[2026-05-31--23-54-54 ERROR litesvm] Payer account cyaibXfQvCC4qKDYNguU4mXryhKjSkszPWkd56KFkrF not found.
[2026-05-31--23-54-54 ERROR litesvm] Payer account cyaibXfQvCC4qKDYNguU4mXryhKjSkszPWkd56KFkrF not found.
[2026-05-31--23-54-54 ERROR litesvm] Payer account cyaibXfQvCC4qKDYNguU4mXryhKjSkszPWkd56KFkrF not found.
[2026-05-31--23-54-54 ERROR litesvm] Payer account cyaibXfQvCC4qKDYNguU4mXryhKjSkszPWkd56KFkrF not found.
[2026-05-31--23-54-54 ERROR litesvm] Payer account cyaibXfQvCC4qKDYNguU4mXryhKjSkszPWkd56KFkrF not found.
[2026-05-31--23-54-54 ERROR litesvm] Payer account cyaibXfQvCC4qKDYNguU4mXryhKjSkszPWkd56KFkrF not found.
[2026-05-31--23-54-54 ERROR litesvm] Payer account cyaibXfQvCC4qKDYNguU4mXryhKjSkszPWkd56KFkrF not found.
[2026-05-31--23-54-54 ERROR litesvm] Payer account cyaibXfQvCC4qKDYNguU4mXryhKjSkszPWkd56KFkrF not found.
[2026-05-31--23-54-54 ERROR litesvm] Payer account cyaibXfQvCC4qKDYNguU4mXryhKjSkszPWkd56KFkrF not found.
[2026-05-31--23-54-54 ERROR litesvm] Payer account cyaibXfQvCC4qKDYNguU4mXryhKjSkszPWkd56KFkrF not found.
[2026-05-31--23-54-54 ERROR litesvm] Payer account cyaibXfQvCC4qKDYNguU4mXryhKjSkszPWkd56KFkrF not found.
[2026-05-31--23-54-54 ERROR litesvm] Payer account cyaibXfQvCC4qKDYNguU4mXryhKjSkszPWkd56KFkrF not found.
[2026-05-31--23-54-54 ERROR litesvm] Payer account cyaibXfQvCC4qKDYNguU4mXryhKjSkszPWkd56KFkrF not found.
[2026-05-31--23-54-54 ERROR litesvm] Payer account cyaibXfQvCC4qKDYNguU4mXryhKjSkszPWkd56KFkrF not found.
[2026-05-31--23-54-54 ERROR litesvm] Payer account cyaibXfQvCC4qKDYNguU4mXryhKjSkszPWkd56KFkrF not found.
[2026-05-31--23-54-55 ERROR litesvm] Payer account cyaibXfQvCC4qKDYNguU4mXryhKjSkszPWkd56KFkrF not found.
[2026-05-31--23-54-55 ERROR litesvm] Payer account cyaibXfQvCC4qKDYNguU4mXryhKjSkszPWkd56KFkrF not found.
[2026-05-31--23-54-55 ERROR litesvm] Payer account cyaibXfQvCC4qKDYNguU4mXryhKjSkszPWkd56KFkrF not found.
[2026-05-31--23-54-55 ERROR litesvm] Payer account cyaibXfQvCC4qKDYNguU4mXryhKjSkszPWkd56KFkrF not found.
[2026-05-31--23-54-55 ERROR litesvm] Payer account cyaibXfQvCC4qKDYNguU4mXryhKjSkszPWkd56KFkrF not found.
[2026-05-31--23-54-55 ERROR litesvm] Payer account cyaibXfQvCC4qKDYNguU4mXryhKjSkszPWkd56KFkrF not found.
[2026-05-31--23-54-55 ERROR litesvm] Payer account cyaibXfQvCC4qKDYNguU4mXryhKjSkszPWkd56KFkrF not found.
[2026-05-31--23-54-55 ERROR litesvm] Payer account cyaibXfQvCC4qKDYNguU4mXryhKjSkszPWkd56KFkrF not found.
[2026-05-31--23-54-55 ERROR litesvm] Payer account cyaibXfQvCC4qKDYNguU4mXryhKjSkszPWkd56KFkrF not found.
[2026-05-31--23-54-55 ERROR litesvm] Payer account cyaibXfQvCC4qKDYNguU4mXryhKjSkszPWkd56KFkrF not found.
[2026-05-31--23-54-55 ERROR litesvm] Payer account cyaibXfQvCC4qKDYNguU4mXryhKjSkszPWkd56KFkrF not found.
[2026-05-31--23-54-55 ERROR litesvm] Payer account cyaibXfQvCC4qKDYNguU4mXryhKjSkszPWkd56KFkrF not found.
[2026-05-31--23-54-55 ERROR litesvm] Payer account cyaibXfQvCC4qKDYNguU4mXryhKjSkszPWkd56KFkrF not found.
[2026-05-31--23-54-55 ERROR litesvm] Payer account cyaibXfQvCC4qKDYNguU4mXryhKjSkszPWkd56KFkrF not found.
[2026-05-31--23-54-55 ERROR litesvm] Payer account cyaibXfQvCC4qKDYNguU4mXryhKjSkszPWkd56KFkrF not found.
[2026-05-31--23-54-55 ERROR litesvm] Payer account cyaibXfQvCC4qKDYNguU4mXryhKjSkszPWkd56KFkrF not found.
[2026-05-31--23-54-55 ERROR litesvm] Payer account cyaibXfQvCC4qKDYNguU4mXryhKjSkszPWkd56KFkrF not found.
[2026-05-31--23-54-55 ERROR litesvm] Payer account cyaibXfQvCC4qKDYNguU4mXryhKjSkszPWkd56KFkrF not found.
[2026-05-31--23-54-55 ERROR litesvm] Payer account cyaibXfQvCC4qKDYNguU4mXryhKjSkszPWkd56KFkrF not found.
[2026-05-31--23-54-55 ERROR litesvm] Payer account cyaibXfQvCC4qKDYNguU4mXryhKjSkszPWkd56KFkrF not found.
[2026-05-31--23-54-55 ERROR litesvm] Payer account cyaibXfQvCC4qKDYNguU4mXryhKjSkszPWkd56KFkrF not found.
[2026-05-31--23-54-55 ERROR litesvm] Payer account cyaibXfQvCC4qKDYNguU4mXryhKjSkszPWkd56KFkrF not found.
[2026-05-31--23-54-55 ERROR litesvm] Payer account cyaibXfQvCC4qKDYNguU4mXryhKjSkszPWkd56KFkrF not found.
[2026-05-31--23-54-55 ERROR litesvm] Payer account cyaibXfQvCC4qKDYNguU4mXryhKjSkszPWkd56KFkrF not found.
[2026-05-31--23-54-56 ERROR litesvm] Payer account cyaibXfQvCC4qKDYNguU4mXryhKjSkszPWkd56KFkrF not found.
[2026-05-31--23-54-56 ERROR litesvm] Payer account cyaibXfQvCC4qKDYNguU4mXryhKjSkszPWkd56KFkrF not found.
[2026-05-31--23-54-56 ERROR litesvm] Payer account cyaibXfQvCC4qKDYNguU4mXryhKjSkszPWkd56KFkrF not found.
[2026-05-31--23-54-56 ERROR litesvm] Payer account cyaibXfQvCC4qKDYNguU4mXryhKjSkszPWkd56KFkrF not found.
[2026-05-31--23-54-56 ERROR litesvm] Payer account cyaibXfQvCC4qKDYNguU4mXryhKjSkszPWkd56KFkrF not found.
[2026-05-31--23-54-56 ERROR litesvm] Payer account cyaibXfQvCC4qKDYNguU4mXryhKjSkszPWkd56KFkrF not found.
[2026-05-31--23-54-56 ERROR litesvm] Payer account cyaibXfQvCC4qKDYNguU4mXryhKjSkszPWkd56KFkrF not found.
[2026-05-31--23-54-56 ERROR litesvm] Payer account cyaibXfQvCC4qKDYNguU4mXryhKjSkszPWkd56KFkrF not found.
[2026-05-31--23-54-56 ERROR litesvm] Payer account cyaibXfQvCC4qKDYNguU4mXryhKjSkszPWkd56KFkrF not found.
[2026-05-31--23-54-56 ERROR litesvm] Payer account cyaibXfQvCC4qKDYNguU4mXryhKjSkszPWkd56KFkrF not found.
[2026-05-31--23-54-56 ERROR litesvm] Payer account cyaibXfQvCC4qKDYNguU4mXryhKjSkszPWkd56KFkrF not found.
[2026-05-31--23-54-56 ERROR litesvm] Payer account cyaibXfQvCC4qKDYNguU4mXryhKjSkszPWkd56KFkrF not found.
[2026-05-31--23-54-56 ERROR litesvm] Payer account cyaibXfQvCC4qKDYNguU4mXryhKjSkszPWkd56KFkrF not found.
[2026-05-31--23-54-56 ERROR litesvm] Payer account cyaibXfQvCC4qKDYNguU4mXryhKjSkszPWkd56KFkrF not found.
[2026-05-31--23-54-56 ERROR litesvm] Payer account cyaibXfQvCC4qKDYNguU4mXryhKjSkszPWkd56KFkrF not found.
[2026-05-31--23-54-56 ERROR litesvm] Payer account cyaibXfQvCC4qKDYNguU4mXryhKjSkszPWkd56KFkrF not found.
[2026-05-31--23-54-56 ERROR litesvm] Payer account cyaibXfQvCC4qKDYNguU4mXryhKjSkszPWkd56KFkrF not found.
[2026-05-31--23-54-56 ERROR litesvm] Payer account cyaibXfQvCC4qKDYNguU4mXryhKjSkszPWkd56KFkrF not found.
[2026-05-31--23-54-56 ERROR litesvm] Payer account cyaibXfQvCC4qKDYNguU4mXryhKjSkszPWkd56KFkrF not found.
[2026-05-31--23-54-56 ERROR litesvm] Payer account cyaibXfQvCC4qKDYNguU4mXryhKjSkszPWkd56KFkrF not found.
[2026-05-31--23-54-56 ERROR litesvm] Payer account cyaibXfQvCC4qKDYNguU4mXryhKjSkszPWkd56KFkrF not found.
[2026-05-31--23-54-56 ERROR litesvm] Payer account cyaibXfQvCC4qKDYNguU4mXryhKjSkszPWkd56KFkrF not found.
[2026-05-31--23-54-56 ERROR litesvm] Payer account cyaibXfQvCC4qKDYNguU4mXryhKjSkszPWkd56KFkrF not found.
[2026-05-31--23-54-56 ERROR litesvm] Payer account cyaibXfQvCC4qKDYNguU4mXryhKjSkszPWkd56KFkrF not found.
[2026-05-31--23-54-57 ERROR litesvm] Payer account cyaibXfQvCC4qKDYNguU4mXryhKjSkszPWkd56KFkrF not found.
[2026-05-31--23-54-57 ERROR litesvm] Payer account cyaibXfQvCC4qKDYNguU4mXryhKjSkszPWkd56KFkrF not found.
[2026-05-31--23-54-57 ERROR litesvm] Payer account cyaibXfQvCC4qKDYNguU4mXryhKjSkszPWkd56KFkrF not found.
[2026-05-31--23-54-57 ERROR litesvm] Payer account cyaibXfQvCC4qKDYNguU4mXryhKjSkszPWkd56KFkrF not found.
[2026-05-31--23-54-57 ERROR litesvm] Payer account cyaibXfQvCC4qKDYNguU4mXryhKjSkszPWkd56KFkrF not found.
[2026-05-31--23-54-57 ERROR litesvm] Payer account cyaibXfQvCC4qKDYNguU4mXryhKjSkszPWkd56KFkrF not found.
[2026-05-31--23-54-57 ERROR litesvm] Payer account cyaibXfQvCC4qKDYNguU4mXryhKjSkszPWkd56KFkrF not found.
[2026-05-31--23-54-57 ERROR litesvm] Payer account cyaibXfQvCC4qKDYNguU4mXryhKjSkszPWkd56KFkrF not found.
[2026-05-31--23-55-07 ERROR litesvm] Payer account cyaibXfQvCC4qKDYNguU4mXryhKjSkszPWkd56KFkrF not found.
[2026-05-31--23-55-07 ERROR litesvm] Payer account cyaibXfQvCC4qKDYNguU4mXryhKjSkszPWkd56KFkrF not found.
[2026-05-31--23-55-07 ERROR litesvm] Payer account cyaibXfQvCC4qKDYNguU4mXryhKjSkszPWkd56KFkrF not found.
[2026-05-31--23-55-07 ERROR litesvm] Payer account cyaibXfQvCC4qKDYNguU4mXryhKjSkszPWkd56KFkrF not found.
[2026-05-31--23-55-08 ERROR litesvm] Payer account cyaibXfQvCC4qKDYNguU4mXryhKjSkszPWkd56KFkrF not found.
[2026-05-31--23-55-08 ERROR litesvm] Payer account cyaibXfQvCC4qKDYNguU4mXryhKjSkszPWkd56KFkrF not found.
[2026-05-31--23-55-08 ERROR litesvm] Payer account cyaibXfQvCC4qKDYNguU4mXryhKjSkszPWkd56KFkrF not found.
[2026-05-31--23-55-08 ERROR litesvm] Payer account cyaibXfQvCC4qKDYNguU4mXryhKjSkszPWkd56KFkrF not found.
[2026-05-31--23-55-08 ERROR litesvm] Payer account cyaibXfQvCC4qKDYNguU4mXryhKjSkszPWkd56KFkrF not found.
[2026-05-31--23-55-08 ERROR litesvm] Payer account cyaibXfQvCC4qKDYNguU4mXryhKjSkszPWkd56KFkrF not found.
[2026-05-31--23-55-08 ERROR litesvm] Payer account cyaibXfQvCC4qKDYNguU4mXryhKjSkszPWkd56KFkrF not found.
[2026-05-31--23-55-08 ERROR litesvm] Payer account cyaibXfQvCC4qKDYNguU4mXryhKjSkszPWkd56KFkrF not found.
[2026-05-31--23-55-08 ERROR litesvm] Payer account cyaibXfQvCC4qKDYNguU4mXryhKjSkszPWkd56KFkrF not found.
[2026-05-31--23-55-08 ERROR litesvm] Payer account cyaibXfQvCC4qKDYNguU4mXryhKjSkszPWkd56KFkrF not found.
[2026-05-31--23-55-08 ERROR litesvm] Payer account cyaibXfQvCC4qKDYNguU4mXryhKjSkszPWkd56KFkrF not found.
[2026-05-31--23-55-08 ERROR litesvm] Payer account cyaibXfQvCC4qKDYNguU4mXryhKjSkszPWkd56KFkrF not found.
[2026-05-31--23-55-08 ERROR litesvm] Payer account cyaibXfQvCC4qKDYNguU4mXryhKjSkszPWkd56KFkrF not found.
[2026-05-31--23-55-08 ERROR litesvm] Payer account cyaibXfQvCC4qKDYNguU4mXryhKjSkszPWkd56KFkrF not found.
[2026-05-31--23-55-08 ERROR litesvm] Payer account cyaibXfQvCC4qKDYNguU4mXryhKjSkszPWkd56KFkrF not found.
[2026-05-31--23-55-08 ERROR litesvm] Payer account cyaibXfQvCC4qKDYNguU4mXryhKjSkszPWkd56KFkrF not found.
[2026-05-31--23-55-08 ERROR litesvm] Payer account cyaibXfQvCC4qKDYNguU4mXryhKjSkszPWkd56KFkrF not found.
[2026-05-31--23-55-08 ERROR litesvm] Payer account cyaibXfQvCC4qKDYNguU4mXryhKjSkszPWkd56KFkrF not found.
[2026-05-31--23-55-08 ERROR litesvm] Payer account cyaibXfQvCC4qKDYNguU4mXryhKjSkszPWkd56KFkrF not found.
[2026-05-31--23-55-08 ERROR litesvm] Payer account cyaibXfQvCC4qKDYNguU4mXryhKjSkszPWkd56KFkrF not found.
[2026-05-31--23-55-08 ERROR litesvm] Payer account cyaibXfQvCC4qKDYNguU4mXryhKjSkszPWkd56KFkrF not found.
[2026-05-31--23-55-08 ERROR litesvm] Payer account cyaibXfQvCC4qKDYNguU4mXryhKjSkszPWkd56KFkrF not found.
[2026-05-31--23-55-08 ERROR litesvm] Payer account cyaibXfQvCC4qKDYNguU4mXryhKjSkszPWkd56KFkrF not found.
[2026-05-31--23-55-08 ERROR litesvm] Payer account cyaibXfQvCC4qKDYNguU4mXryhKjSkszPWkd56KFkrF not found.
[2026-05-31--23-55-08 ERROR litesvm] Payer account cyaibXfQvCC4qKDYNguU4mXryhKjSkszPWkd56KFkrF not found.
[2026-05-31--23-55-08 ERROR litesvm] Payer account cyaibXfQvCC4qKDYNguU4mXryhKjSkszPWkd56KFkrF not found.
[2026-05-31--23-55-08 ERROR litesvm] Payer account cyaibXfQvCC4qKDYNguU4mXryhKjSkszPWkd56KFkrF not found.
[2026-05-31--23-55-08 ERROR litesvm] Payer account cyaibXfQvCC4qKDYNguU4mXryhKjSkszPWkd56KFkrF not found.
[2026-05-31--23-55-09 ERROR litesvm] Payer account cyaibXfQvCC4qKDYNguU4mXryhKjSkszPWkd56KFkrF not found.
[2026-05-31--23-55-09 ERROR litesvm] Payer account cyaibXfQvCC4qKDYNguU4mXryhKjSkszPWkd56KFkrF not found.
[2026-05-31--23-55-09 ERROR litesvm] Payer account cyaibXfQvCC4qKDYNguU4mXryhKjSkszPWkd56KFkrF not found.
[2026-05-31--23-55-09 ERROR litesvm] Payer account cyaibXfQvCC4qKDYNguU4mXryhKjSkszPWkd56KFkrF not found.
[2026-05-31--23-55-09 ERROR litesvm] Payer account cyaibXfQvCC4qKDYNguU4mXryhKjSkszPWkd56KFkrF not found.
[2026-05-31--23-55-09 ERROR litesvm] Payer account cyaibXfQvCC4qKDYNguU4mXryhKjSkszPWkd56KFkrF not found.
[2026-05-31--23-55-09 ERROR litesvm] Payer account cyaibXfQvCC4qKDYNguU4mXryhKjSkszPWkd56KFkrF not found.
[2026-05-31--23-55-09 ERROR litesvm] Payer account cyaibXfQvCC4qKDYNguU4mXryhKjSkszPWkd56KFkrF not found.
[2026-05-31--23-55-09 ERROR litesvm] Payer account cyaibXfQvCC4qKDYNguU4mXryhKjSkszPWkd56KFkrF not found.
[2026-05-31--23-55-09 ERROR litesvm] Payer account cyaibXfQvCC4qKDYNguU4mXryhKjSkszPWkd56KFkrF not found.
[2026-05-31--23-55-09 ERROR litesvm] Payer account cyaibXfQvCC4qKDYNguU4mXryhKjSkszPWkd56KFkrF not found.
[2026-05-31--23-55-09 ERROR litesvm] Payer account cyaibXfQvCC4qKDYNguU4mXryhKjSkszPWkd56KFkrF not found.
[2026-05-31--23-55-33 INFO parity_ws::io] Accepted a new tcp connection from 127.0.0.1:51737.
[2026-05-31--23-56-19 INFO parity_ws::io] Accepted a new tcp connection from 127.0.0.1:52348.
[2026-05-31--23-56-23 INFO parity_ws::io] Accepted a new tcp connection from 127.0.0.1:52360.
[2026-05-31--23-56-44 INFO parity_ws::io] Accepted a new tcp connection from 127.0.0.1:52415.
[2026-05-31--23-58-45 INFO parity_ws::io] Accepted a new tcp connection from 127.0.0.1:53970.
[2026-05-31--23-58-47 INFO parity_ws::io] Accepted a new tcp connection from 127.0.0.1:53988.
[2026-05-31--23-58-47 INFO parity_ws::io] Accepted a new tcp connection from 127.0.0.1:53996.
[2026-05-31--23-58-49 ERROR litesvm] Program account ATokenGPvbdGVxr1b2hvZbsiqW5xWH25efTNsLJe1bJ4 is not executable.
[2026-05-31--23-58-49 ERROR litesvm] Program account ATokenGPvbdGVxr1b2hvZbsiqW5xWH25efTNsLJe1bJ4 is not executable.
[2026-05-31--23-59-39 INFO parity_ws::io] Accepted a new tcp connection from 127.0.0.1:54407.
[2026-05-31--23-59-41 INFO parity_ws::io] Accepted a new tcp connection from 127.0.0.1:54412.
[2026-05-31--23-59-42 ERROR litesvm] Program account H7tuzzuJNLWYkqjGrepS19NYrH3qhudsuBntHJweW9By is not executable.
[2026-05-31--23-59-42 ERROR litesvm] Program account H7tuzzuJNLWYkqjGrepS19NYrH3qhudsuBntHJweW9By is not executable.
[2026-05-31--23-59-42 ERROR litesvm] Program account H7tuzzuJNLWYkqjGrepS19NYrH3qhudsuBntHJweW9By is not executable.
[2026-05-31--23-59-42 ERROR litesvm] Program account H7tuzzuJNLWYkqjGrepS19NYrH3qhudsuBntHJweW9By is not executable.
[2026-06-01--00-00-07 INFO parity_ws::io] Accepted a new tcp connection from 127.0.0.1:54640.
[2026-06-01--00-00-09 INFO parity_ws::io] Accepted a new tcp connection from 127.0.0.1:54650.
[2026-06-01--00-00-18 INFO parity_ws::io] Accepted a new tcp connection from 127.0.0.1:54676.
[2026-06-01--00-00-49 INFO parity_ws::io] Accepted a new tcp connection from 127.0.0.1:54992.
[2026-06-01--00-00-52 INFO parity_ws::io] Accepted a new tcp connection from 127.0.0.1:55001.
[2026-06-01--00-01-01 INFO parity_ws::io] Accepted a new tcp connection from 127.0.0.1:55033.
[2026-06-01--00-01-16 INFO parity_ws::io] Accepted a new tcp connection from 127.0.0.1:55165.
[2026-06-01--00-01-49 INFO parity_ws::io] Accepted a new tcp connection from 127.0.0.1:55524.
[2026-06-01--00-01-52 INFO parity_ws::io] Accepted a new tcp connection from 127.0.0.1:55541.
[2026-06-01--00-01-57 INFO parity_ws::io] Accepted a new tcp connection from 127.0.0.1:55552.
[2026-06-01--00-01-58 INFO parity_ws::io] Accepted a new tcp connection from 127.0.0.1:55558.
[2026-06-01--00-02-00 INFO parity_ws::io] Accepted a new tcp connection from 127.0.0.1:55562.
[2026-06-01--00-02-01 INFO parity_ws::io] Accepted a new tcp connection from 127.0.0.1:55572.
[2026-06-01--00-02-40 INFO parity_ws::io] Accepted a new tcp connection from 127.0.0.1:56131.
[2026-06-01--00-03-33 INFO parity_ws::io] Accepted a new tcp connection from 127.0.0.1:56759.
[2026-06-01--00-03-36 INFO parity_ws::io] Accepted a new tcp connection from 127.0.0.1:56771.
[2026-06-01--00-03-37 INFO parity_ws::io] Accepted a new tcp connection from 127.0.0.1:56784.
[2026-06-01--00-04-47 INFO parity_ws::io] Accepted a new tcp connection from 127.0.0.1:57254.
[2026-06-01--00-05-30 INFO parity_ws::io] Accepted a new tcp connection from 127.0.0.1:57675.
[2026-06-01--00-05-32 INFO parity_ws::io] Accepted a new tcp connection from 127.0.0.1:57693.
[2026-06-01--00-05-34 INFO parity_ws::io] Accepted a new tcp connection from 127.0.0.1:57710.
